2026-05-25 13:45:03,600 - INFO - ============================================================
2026-05-25 13:45:03,601 - INFO - ЗАПУСК СКВОЗНОГО ETL ПАЙПЛАЙНА ПРОДАЖ
2026-05-25 13:45:03,601 - INFO - ============================================================
2026-05-25 13:45:03,601 - INFO - --- НАЧАЛО ЭТАПА EXTRACT ---
2026-05-25 13:45:03,604 - INFO - Успешно загружено: 11 строк, 9 колонок
2026-05-25 13:45:03,604 - INFO - Исходные колонки: ['order_id', 'order_date', 'product_name', 'category', 'quantity', 'price_per_unit', 'customer_name', 'customer_city', 'payment_method']
2026-05-25 13:45:03,604 - INFO - --- НАЧАЛО ЭТАПА TRANSFORM ---
2026-05-25 13:45:03,607 - INFO - Удалено полных дубликатов: 1 строк
2026-05-25 13:45:03,613 - INFO - Пропуски успешно заполнены (числовые -> медиана, текстовые -> 'Unknown')
2026-05-25 13:45:03,614 - INFO - Удалено аномальных строк (quantity/price <= 0): 1
2026-05-25 13:45:03,615 - INFO - Трансформация завершена. Финальный размер датасета: 9 строк
2026-05-25 13:45:03,615 - INFO - --- НАЧАЛО ЭТАПА AGGREGATE ---
2026-05-25 13:45:03,620 - INFO - Агрегация завершена. Сформировано 3 аналитических групп.
2026-05-25 13:45:03,621 - INFO - --- НАЧАЛО ЭТАПА LOAD ---
2026-05-25 13:45:03,676 - ERROR - Ошибка при загрузке данных в БД: Not an executable object: [('sales_cleaned',), ('sales_aggregated',)]
2026-05-25 13:48:06,223 - INFO - ============================================================
2026-05-25 13:48:06,223 - INFO - ЗАПУСК СКВОЗНОГО ETL ПАЙПЛАЙНА ПРОДАЖ
2026-05-25 13:48:06,225 - INFO - ============================================================
2026-05-25 13:48:06,225 - INFO - --- НАЧАЛО ЭТАПА EXTRACT ---
2026-05-25 13:48:06,226 - INFO - Успешно загружено: 11 строк, 9 колонок
2026-05-25 13:48:06,227 - INFO - Исходные колонки: ['order_id', 'order_date', 'product_name', 'category', 'quantity', 'price_per_unit', 'customer_name', 'customer_city', 'payment_method']
2026-05-25 13:48:06,227 - INFO - --- НАЧАЛО ЭТАПА TRANSFORM ---
2026-05-25 13:48:06,229 - INFO - Удалено полных дубликатов: 1 строк
2026-05-25 13:48:06,236 - INFO - Пропуски успешно заполнены (числовые -> медиана, текстовые -> 'Unknown')
2026-05-25 13:48:06,236 - INFO - Удалено аномальных строк (quantity/price <= 0): 1
2026-05-25 13:48:06,237 - INFO - Трансформация завершена. Финальный размер датасета: 9 строк
2026-05-25 13:48:06,237 - INFO - --- НАЧАЛО ЭТАПА AGGREGATE ---
2026-05-25 13:48:06,242 - INFO - Агрегация завершена. Сформировано 3 аналитических групп.
2026-05-25 13:48:06,242 - INFO - --- НАЧАЛО ЭТАПА LOAD ---
2026-05-25 13:48:06,291 - INFO - Данные успешно загружены в БД: sales.db. Созданы таблицы: ['sales_aggregated', 'sales_cleaned']
2026-05-25 13:48:06,291 - INFO - --- НАЧАЛО ЭТАПА VISUALIZE ---
2026-05-25 13:48:07,526 - INFO - Все графики успешно сгенерированы и сохранены в директорию report/graphs/
2026-05-25 13:48:07,527 - INFO - ETL ПАЙПЛАЙН УСПЕШНО И БЕЗ ОШИБОК ЗАВЕРШИЛ СВОЮ РАБОТУ
2026-05-25 13:48:07,527 - INFO - ============================================================
